Microsoft Windows [Versión 10.0.22631.4037]
(c) Microsoft Corporation. Todos los derechos reservados.

C:\Users\sergi>\mysqlsh
"\mysqlsh" no se reconoce como un comando interno o externo,
programa o archivo por lotes ejecutable.

C:\Users\sergi>mysqlsh
MySQL Shell 8.0.38

Copyright (c) 2016, 2024, Oracle and/or its affiliates.
Oracle is a registered trademark of Oracle Corporation and/or its affiliates.
Other names may be trademarks of their respective owners.

Type '\help' or '\?' for help; '\quit' to exit.
 MySQL  JS > \mysql
Unknown command: '\mysql'
 MySQL  JS > sql
ReferenceError: sql is not defined
 MySQL  JS > mysql
<mysql>
 MySQL  JS > \mysql
Unknown command: '\mysql'
 MySQL  JS > \sql
Switching to SQL mode... Commands end with ;
 MySQL  SQL > connect --mc root@localhost
ERROR: Not connected.
           -> ;
ERROR: Not connected.
 MySQL  SQL > \connect --mc root@localhost ;
Creating a Classic session to 'root@;'
Please provide the password for 'root@;': *********
MySQL Error 2005 (HY000): Unknown MySQL server host ';' (11001)
 MySQL  SQL > \connect --mc root@localhost ;
Creating a Classic session to 'root@;'
Please provide the password for 'root@;': *********
MySQL Error 2005 (HY000): Unknown MySQL server host ';' (11001)
 MySQL  SQL > \connect --mc root@localhost;
Creating a Classic session to 'root@localhost;'
Please provide the password for 'root@localhost;': *
MySQL Error 2005 (HY000): Unknown MySQL server host 'localhost;' (11001)
 MySQL  SQL > \connect --mc root@localhost
Creating a Classic session to 'root@localhost'
Fetching global names for auto-completion... Press ^C to stop.
Your MySQL connection id is 30
Server version: 8.0.39 MySQL Community Server - GPL
No default schema selected; type \use <schema> to set one.
 MySQL  localhost:3306 ssl  SQL > CREATE TABLE student
                               -> ;
ERROR: 1046 (3D000): No database selected
 MySQL  localhost:3306 ssl  SQL > show databases
                               -> ;
+--------------------+
| Database           |
+--------------------+
| information_schema |
| mysql              |
| performance_schema |
| sakila             |
| sys                |
| tdb_eva1           |
| world              |
+--------------------+
7 rows in set (0.0089 sec)
 MySQL  localhost:3306 ssl  SQL > USE tdb_eva1
Default schema set to `tdb_eva1`.
Fetching global names, object names from `tdb_eva1` for auto-completion... Press ^C to stop.
 MySQL  localhost:3306 ssl  tdb_eva1  SQL > SHOW TABLES
                                         -> ;
+--------------------+
| Tables_in_tdb_eva1 |
+--------------------+
| primer_tabla       |
+--------------------+
1 row in set (0.0022 sec)
 MySQL  localhost:3306 ssl  tdb_eva1  SQL > DROP TABLE primer_tabla
                                         -> ;
Query OK, 0 rows affected (0.0329 sec)
 MySQL  localhost:3306 ssl  tdb_eva1  SQL > CREATE TABLE student(
                                         -> Name varchar(50),
                                         -> SSN varchar(11),
                                         -> Home_phone varchar(8),
                                         -> Adress varchar(100),
                                         -> Age int);
Query OK, 0 rows affected (0.0295 sec)
 MySQL  localhost:3306 ssl  tdb_eva1  SQL > SHOW TABLES;
+--------------------+
| Tables_in_tdb_eva1 |
+--------------------+
| student            |
+--------------------+
1 row in set (0.0022 sec)
 MySQL  localhost:3306 ssl  tdb_eva1  SQL > USE student
MySQL Error 1049: Unknown database 'student'
 MySQL  localhost:3306 ssl  tdb_eva1  SQL > USE TABLE student
Incorrect number of arguments for use command, usage:
\use <schema_name>
 MySQL  localhost:3306 ssl  tdb_eva1  SQL > USE TABLE student;
Incorrect number of arguments for use command, usage:
\use <schema_name>
 MySQL  localhost:3306 ssl  tdb_eva1  SQL > \use student
MySQL Error 1049: Unknown database 'student'
 MySQL  localhost:3306 ssl  tdb_eva1  SQL > desc student;
+------------+--------------+------+-----+---------+-------+
| Field      | Type         | Null | Key | Default | Extra |
+------------+--------------+------+-----+---------+-------+
| Name       | varchar(50)  | YES  |     | NULL    |       |
| SSN        | varchar(11)  | YES  |     | NULL    |       |
| Home_phone | varchar(8)   | YES  |     | NULL    |       |
| Adress     | varchar(100) | YES  |     | NULL    |       |
| Age        | int          | YES  |     | NULL    |       |
+------------+--------------+------+-----+---------+-------+
5 rows in set (0.0110 sec)
 MySQL  localhost:3306 ssl  tdb_eva1  SQL > SHOW CREATE TABLE student;
+---------+-------------------------------------------------------------------------------------------------------------------------------------------------------------------------------------------------------------------------------------------------------------------------+
| Table   | Create Table
                                                                                                                                |
+---------+-------------------------------------------------------------------------------------------------------------------------------------------------------------------------------------------------------------------------------------------------------------------------+
| student | CREATE TABLE `student` (
  `Name` varchar(50) DEFAULT NULL,
  `SSN` varchar(11) DEFAULT NULL,
  `Home_phone` varchar(8) DEFAULT NULL,
  `Adress` varchar(100) DEFAULT NULL,
  `Age` int DEFAULT NULL
) ENGINE=InnoDB DEFAULT CHARSET=utf8mb4 COLLATE=utf8mb4_0900_ai_ci |
+---------+-------------------------------------------------------------------------------------------------------------------------------------------------------------------------------------------------------------------------------------------------------------------------+
1 row in set (0.0110 sec)
 MySQL  localhost:3306 ssl  tdb_eva1  SQL >