Microsoft Windows [Versión 10.0.22631.4037]
(c) Microsoft Corporation. Todos los derechos reservados.

C:\Users\sergi>mysqlsh
MySQL Shell 8.0.38

Copyright (c) 2016, 2024, Oracle and/or its affiliates.
Oracle is a registered trademark of Oracle Corporation and/or its affiliates.
Other names may be trademarks of their respective owners.

Type '\help' or '\?' for help; '\quit' to exit.
 MySQL  JS > sql
ReferenceError: sql is not defined
 MySQL  JS > \sql
Switching to SQL mode... Commands end with ;
 MySQL  SQL > \connect --mc root@localhost
Creating a Classic session to 'root@localhost'
Fetching global names for auto-completion... Press ^C to stop.
Your MySQL connection id is 28
Server version: 8.0.39 MySQL Community Server - GPL
No default schema selected; type \use <schema> to set one.
 MySQL  localhost:3306 ssl  SQL > create database tdb_eva1;
Query OK, 1 row affected (0.0082 sec)
 MySQL  localhost:3306 ssl  SQL > use tdb_eva1
Default schema set to `tdb_eva1`.
Fetching global names, object names from `tdb_eva1` for auto-completion... Press ^C to stop.
 MySQL  localhost:3306 ssl  tdb_eva1  SQL > show tables
                                         -> ;
Empty set (0.0038 sec)
 MySQL  localhost:3306 ssl  tdb_eva1  SQL > drop database tdb_eva1;
Query OK, 0 rows affected (0.0216 sec)
 MySQL  localhost:3306 ssl  tdb_eva1  SQL > drop database tdb_eva1;
ERROR: 1008 (HY000): Can't drop database 'tdb_eva1'; database doesn't exist
 MySQL  localhost:3306 ssl  tdb_eva1  SQL > \disconect
Unknown command: '\disconect'
 MySQL  localhost:3306 ssl  tdb_eva1  SQL > create database tdb_eva1;
Query OK, 1 row affected (0.0116 sec)
 MySQL  localhost:3306 ssl  tdb_eva1  SQL > show tables:
                                         -> ;
ERROR: 1064 (42000): You have an error in your SQL syntax; check the manual that corresponds to your MySQL server version for the right syntax to use near ':' at line 1
 MySQL  localhost:3306 ssl  tdb_eva1  SQL > show tables;
ERROR: 1046 (3D000): No database selected
 MySQL  localhost:3306 ssl  tdb_eva1  SQL > use tdb_eva1
Default schema set to `tdb_eva1`.
Fetching global names, object names from `tdb_eva1` for auto-completion... Press ^C to stop.
 MySQL  localhost:3306 ssl  tdb_eva1  SQL > show tables;
Empty set (0.0022 sec)
 MySQL  localhost:3306 ssl  tdb_eva1  SQL > create table nombres
                                         -> ;
ERROR: 4028 (HY000): A table must have at least one visible column.
 MySQL  localhost:3306 ssl  tdb_eva1  SQL > create table primer_tabla
                                         -> ();
ERROR: 1064 (42000): You have an error in your SQL syntax; check the manual that corresponds to your MySQL server version for the right syntax to use near ')' at line 2
 MySQL  localhost:3306 ssl  tdb_eva1  SQL > create table primer_tabla (id int);
Query OK, 0 rows affected (0.0359 sec)
 MySQL  localhost:3306 ssl  tdb_eva1  SQL > show primer_tabla
                                         -> ;
ERROR: 1064 (42000): You have an error in your SQL syntax; check the manual that corresponds to your MySQL server version for the right syntax to use near 'primer_tabla' at line 1
 MySQL  localhost:3306 ssl  tdb_eva1  SQL > show tables;
+--------------------+
| Tables_in_tdb_eva1 |
+--------------------+
| primer_tabla       |
+--------------------+
1 row in set (0.0025 sec)
 MySQL  localhost:3306 ssl  tdb_eva1  SQL > drop table primer_tabla
                                         -> ;
Query OK, 0 rows affected (0.0279 sec)
 MySQL  localhost:3306 ssl  tdb_eva1  SQL > show tables:
                                         -> :
                                         -> ;
ERROR: 1064 (42000): You have an error in your SQL syntax; check the manual that corresponds to your MySQL server version for the right syntax to use near ':
:' at line 1
 MySQL  localhost:3306 ssl  tdb_eva1  SQL > show tables;
Empty set (0.0018 sec)
 MySQL  localhost:3306 ssl  tdb_eva1  SQL > create table primer_tabla (id int);
Query OK, 0 rows affected (0.0297 sec)
 MySQL  localhost:3306 ssl  tdb_eva1  SQL > show tables;
+--------------------+
| Tables_in_tdb_eva1 |
+--------------------+
| primer_tabla       |
+--------------------+
1 row in set (0.0019 sec)
 MySQL  localhost:3306 ssl  tdb_eva1  SQL > drop database tdb_eva1;
Query OK, 1 row affected (0.0241 sec)
 MySQL  localhost:3306 ssl  tdb_eva1  SQL > show tables;
ERROR: 1046 (3D000): No database selected
 MySQL  localhost:3306 ssl  tdb_eva1  SQL > create database tdb_eva1;
Query OK, 1 row affected (0.0119 sec)
 MySQL  localhost:3306 ssl  tdb_eva1  SQL > create table primer_tabla (id int);
ERROR: 1046 (3D000): No database selected
 MySQL  localhost:3306 ssl  tdb_eva1  SQL > show tables;
ERROR: 1046 (3D000): No database selected
 MySQL  localhost:3306 ssl  tdb_eva1  SQL > use tdb_eva1
Default schema set to `tdb_eva1`.
Fetching global names, object names from `tdb_eva1` for auto-completion... Press ^C to stop.
 MySQL  localhost:3306 ssl  tdb_eva1  SQL > show tables;
Empty set (0.0019 sec)
 MySQL  localhost:3306 ssl  tdb_eva1  SQL > create table primer_tabla (id int);
Query OK, 0 rows affected (0.0291 sec)
 MySQL  localhost:3306 ssl  tdb_eva1  SQL > show tables;
+--------------------+
| Tables_in_tdb_eva1 |
+--------------------+
| primer_tabla       |
+--------------------+
1 row in set (0.0023 sec)
 MySQL  localhost:3306 ssl  tdb_eva1  SQL >